
sai@sai-PC MINGW32 ~
$ f:
bash: f:: command not found

sai@sai-PC MINGW32 ~
$ cd f:

sai@sai-PC MINGW32 /f
$ cd MultiModuleProject

sai@sai-PC MINGW32 /f/MultiModuleProject
$ ls
digital-education-system-parent/  Readme.txt

sai@sai-PC MINGW32 /f/MultiModuleProject
$ ls -ltr
total 8
-rw-r--r-- 1 sai 197121 746 May 24  2018 Readme.txt
drwxr-xr-x 1 sai 197121   0 May 24  2018 digital-education-system-parent/

sai@sai-PC MINGW32 /f/MultiModuleProject
$ git init
Initialized empty Git repository in F:/MultiModuleProject/.git/

sai@sai-PC MINGW32 /f/MultiModuleProject (master)
$ ls -ltr
total 8
-rw-r--r-- 1 sai 197121 746 May 24  2018 Readme.txt
drwxr-xr-x 1 sai 197121   0 May 24  2018 digital-education-system-parent/

sai@sai-PC MINGW32 /f/MultiModuleProject (master)
$ git remote add origin https://github.com/dheeraj2mishra/VarshaEnterPrises.git

sai@sai-PC MINGW32 /f/MultiModuleProject (master)
$ git add .
warning: LF will be replaced by CRLF in digital-education-system-parent/digital-education-system-common/pom.xml.
The file will have its original line endings in your working directory
warning: LF will be replaced by CRLF in digital-education-system-parent/digital-education-system-common/target/classes/META-INF/maven/com.digital.education.system.common/digital-education-system-common/pom.xml.
The file will have its original line endings in your working directory
warning: LF will be replaced by CRLF in digital-education-system-parent/digital-education-system-common/target/maven-status/maven-compiler-plugin/compile/default-compile/createdFiles.lst.
The file will have its original line endings in your working directory
warning: LF will be replaced by CRLF in digital-education-system-parent/digital-education-system-common/target/maven-status/maven-compiler-plugin/compile/default-compile/inputFiles.lst.
The file will have its original line endings in your working directory
warning: LF will be replaced by CRLF in digital-education-system-parent/digital-education-system-common/target/maven-status/maven-compiler-plugin/testCompile/default-testCompile/createdFiles.lst.
The file will have its original line endings in your working directory
warning: LF will be replaced by CRLF in digital-education-system-parent/digital-education-system-common/target/maven-status/maven-compiler-plugin/testCompile/default-testCompile/inputFiles.lst.
The file will have its original line endings in your working directory
warning: LF will be replaced by CRLF in digital-education-system-parent/digital-education-system-common/target/surefire-reports/TEST-com.digital.education.system.common.AppTest.xml.
The file will have its original line endings in your working directory
warning: LF will be replaced by CRLF in digital-education-system-parent/digital-education-system-common/target/surefire-reports/com.digital.education.system.common.AppTest.txt.
The file will have its original line endings in your working directory
warning: LF will be replaced by CRLF in digital-education-system-parent/digital-education-system-common/target/surefire-reports/com.digital.education.system.common.AppTest/Command line test.html.
The file will have its original line endings in your working directory
warning: LF will be replaced by CRLF in digital-education-system-parent/digital-education-system-common/target/surefire-reports/com.digital.education.system.common.AppTest/Command line test.xml.
The file will have its original line endings in your working directory
warning: LF will be replaced by CRLF in digital-education-system-parent/digital-education-system-common/target/surefire-reports/index.html.
The file will have its original line endings in your working directory
warning: LF will be replaced by CRLF in digital-education-system-parent/digital-education-system-common/target/surefire-reports/jquery-1.7.1.min.js.
The file will have its original line endings in your working directory
warning: LF will be replaced by CRLF in digital-education-system-parent/digital-education-system-common/target/surefire-reports/old/com.digital.education.system.common.AppTest/classes.html.
The file will have its original line endings in your working directory
warning: LF will be replaced by CRLF in digital-education-system-parent/digital-education-system-common/target/surefire-reports/old/com.digital.education.system.common.AppTest/index.html.
The file will have its original line endings in your working directory
warning: LF will be replaced by CRLF in digital-education-system-parent/digital-education-system-common/target/surefire-reports/old/com.digital.education.system.common.AppTest/main.html.
The file will have its original line endings in your working directory
warning: LF will be replaced by CRLF in digital-education-system-parent/digital-education-system-common/target/surefire-reports/old/com.digital.education.system.common.AppTest/methods-alphabetical.html.
The file will have its original line endings in your working directory
warning: LF will be replaced by CRLF in digital-education-system-parent/digital-education-system-common/target/surefire-reports/old/com.digital.education.system.common.AppTest/methods-not-run.html.
The file will have its original line endings in your working directory
warning: LF will be replaced by CRLF in digital-education-system-parent/digital-education-system-common/target/surefire-reports/old/com.digital.education.system.common.AppTest/methods.html.
The file will have its original line endings in your working directory
warning: LF will be replaced by CRLF in digital-education-system-parent/digital-education-system-common/target/surefire-reports/old/com.digital.education.system.common.AppTest/toc.html.
The file will have its original line endings in your working directory
warning: LF will be replaced by CRLF in digital-education-system-parent/digital-education-system-common/target/surefire-reports/old/index.html.
The file will have its original line endings in your working directory
warning: LF will be replaced by CRLF in digital-education-system-parent/digital-education-system-common/target/surefire-reports/testng-reports.css.
The file will have its original line endings in your working directory
warning: LF will be replaced by CRLF in digital-education-system-parent/digital-education-system-common/target/surefire-reports/testng-reports.js.
The file will have its original line endings in your working directory
warning: LF will be replaced by CRLF in digital-education-system-parent/digital-education-system-data/pom.xml.
The file will have its original line endings in your working directory
warning: LF will be replaced by CRLF in digital-education-system-parent/digital-education-system-data/target/classes/META-INF/maven/com.digital.education.system.data/digital-education-system-data/pom.xml.
The file will have its original line endings in your working directory
warning: LF will be replaced by CRLF in digital-education-system-parent/digital-education-system-data/target/maven-status/maven-compiler-plugin/compile/default-compile/createdFiles.lst.
The file will have its original line endings in your working directory
warning: LF will be replaced by CRLF in digital-education-system-parent/digital-education-system-data/target/maven-status/maven-compiler-plugin/compile/default-compile/inputFiles.lst.
The file will have its original line endings in your working directory
warning: LF will be replaced by CRLF in digital-education-system-parent/digital-education-system-data/target/maven-status/maven-compiler-plugin/testCompile/default-testCompile/createdFiles.lst.
The file will have its original line endings in your working directory
warning: LF will be replaced by CRLF in digital-education-system-parent/digital-education-system-data/target/maven-status/maven-compiler-plugin/testCompile/default-testCompile/inputFiles.lst.
The file will have its original line endings in your working directory
warning: LF will be replaced by CRLF in digital-education-system-parent/digital-education-system-data/target/surefire-reports/TEST-com.digital.education.system.data.AppTest.xml.
The file will have its original line endings in your working directory
warning: LF will be replaced by CRLF in digital-education-system-parent/digital-education-system-data/target/surefire-reports/com.digital.education.system.data.AppTest.txt.
The file will have its original line endings in your working directory
warning: LF will be replaced by CRLF in digital-education-system-parent/digital-education-system-data/target/surefire-reports/com.digital.education.system.data.AppTest/Command line test.html.
The file will have its original line endings in your working directory
warning: LF will be replaced by CRLF in digital-education-system-parent/digital-education-system-data/target/surefire-reports/com.digital.education.system.data.AppTest/Command line test.xml.
The file will have its original line endings in your working directory
warning: LF will be replaced by CRLF in digital-education-system-parent/digital-education-system-data/target/surefire-reports/index.html.
The file will have its original line endings in your working directory
warning: LF will be replaced by CRLF in digital-education-system-parent/digital-education-system-data/target/surefire-reports/jquery-1.7.1.min.js.
The file will have its original line endings in your working directory
warning: LF will be replaced by CRLF in digital-education-system-parent/digital-education-system-data/target/surefire-reports/old/com.digital.education.system.data.AppTest/classes.html.
The file will have its original line endings in your working directory
warning: LF will be replaced by CRLF in digital-education-system-parent/digital-education-system-data/target/surefire-reports/old/com.digital.education.system.data.AppTest/index.html.
The file will have its original line endings in your working directory
warning: LF will be replaced by CRLF in digital-education-system-parent/digital-education-system-data/target/surefire-reports/old/com.digital.education.system.data.AppTest/main.html.
The file will have its original line endings in your working directory
warning: LF will be replaced by CRLF in digital-education-system-parent/digital-education-system-data/target/surefire-reports/old/com.digital.education.system.data.AppTest/methods-alphabetical.html.
The file will have its original line endings in your working directory
warning: LF will be replaced by CRLF in digital-education-system-parent/digital-education-system-data/target/surefire-reports/old/com.digital.education.system.data.AppTest/methods-not-run.html.
The file will have its original line endings in your working directory
warning: LF will be replaced by CRLF in digital-education-system-parent/digital-education-system-data/target/surefire-reports/old/com.digital.education.system.data.AppTest/methods.html.
The file will have its original line endings in your working directory
warning: LF will be replaced by CRLF in digital-education-system-parent/digital-education-system-data/target/surefire-reports/old/com.digital.education.system.data.AppTest/toc.html.
The file will have its original line endings in your working directory
warning: LF will be replaced by CRLF in digital-education-system-parent/digital-education-system-data/target/surefire-reports/old/index.html.
The file will have its original line endings in your working directory
warning: LF will be replaced by CRLF in digital-education-system-parent/digital-education-system-data/target/surefire-reports/testng-reports.css.
The file will have its original line endings in your working directory
warning: LF will be replaced by CRLF in digital-education-system-parent/digital-education-system-data/target/surefire-reports/testng-reports.js.
The file will have its original line endings in your working directory
warning: LF will be replaced by CRLF in digital-education-system-parent/digital-education-system-db/pom.xml.
The file will have its original line endings in your working directory
warning: LF will be replaced by CRLF in digital-education-system-parent/digital-education-system-db/target/classes/META-INF/maven/com.digital.education.system.db/digital-education-system-db/pom.xml.
The file will have its original line endings in your working directory
warning: LF will be replaced by CRLF in digital-education-system-parent/digital-education-system-db/target/maven-status/maven-compiler-plugin/compile/default-compile/createdFiles.lst.
The file will have its original line endings in your working directory
warning: LF will be replaced by CRLF in digital-education-system-parent/digital-education-system-db/target/maven-status/maven-compiler-plugin/compile/default-compile/inputFiles.lst.
The file will have its original line endings in your working directory
warning: LF will be replaced by CRLF in digital-education-system-parent/digital-education-system-db/target/maven-status/maven-compiler-plugin/testCompile/default-testCompile/createdFiles.lst.
The file will have its original line endings in your working directory
warning: LF will be replaced by CRLF in digital-education-system-parent/digital-education-system-db/target/maven-status/maven-compiler-plugin/testCompile/default-testCompile/inputFiles.lst.
The file will have its original line endings in your working directory
warning: LF will be replaced by CRLF in digital-education-system-parent/digital-education-system-db/target/surefire-reports/TEST-com.digital.education.system.db.AppTest.xml.
The file will have its original line endings in your working directory
warning: LF will be replaced by CRLF in digital-education-system-parent/digital-education-system-db/target/surefire-reports/com.digital.education.system.db.AppTest.txt.
The file will have its original line endings in your working directory
warning: LF will be replaced by CRLF in digital-education-system-parent/digital-education-system-db/target/surefire-reports/com.digital.education.system.db.AppTest/Command line test.html.
The file will have its original line endings in your working directory
warning: LF will be replaced by CRLF in digital-education-system-parent/digital-education-system-db/target/surefire-reports/com.digital.education.system.db.AppTest/Command line test.xml.
The file will have its original line endings in your working directory
warning: LF will be replaced by CRLF in digital-education-system-parent/digital-education-system-db/target/surefire-reports/index.html.
The file will have its original line endings in your working directory
warning: LF will be replaced by CRLF in digital-education-system-parent/digital-education-system-db/target/surefire-reports/jquery-1.7.1.min.js.
The file will have its original line endings in your working directory
warning: LF will be replaced by CRLF in digital-education-system-parent/digital-education-system-db/target/surefire-reports/old/com.digital.education.system.db.AppTest/classes.html.
The file will have its original line endings in your working directory
warning: LF will be replaced by CRLF in digital-education-system-parent/digital-education-system-db/target/surefire-reports/old/com.digital.education.system.db.AppTest/index.html.
The file will have its original line endings in your working directory
warning: LF will be replaced by CRLF in digital-education-system-parent/digital-education-system-db/target/surefire-reports/old/com.digital.education.system.db.AppTest/main.html.
The file will have its original line endings in your working directory
warning: LF will be replaced by CRLF in digital-education-system-parent/digital-education-system-db/target/surefire-reports/old/com.digital.education.system.db.AppTest/methods-alphabetical.html.
The file will have its original line endings in your working directory
warning: LF will be replaced by CRLF in digital-education-system-parent/digital-education-system-db/target/surefire-reports/old/com.digital.education.system.db.AppTest/methods-not-run.html.
The file will have its original line endings in your working directory
warning: LF will be replaced by CRLF in digital-education-system-parent/digital-education-system-db/target/surefire-reports/old/com.digital.education.system.db.AppTest/methods.html.
The file will have its original line endings in your working directory
warning: LF will be replaced by CRLF in digital-education-system-parent/digital-education-system-db/target/surefire-reports/old/com.digital.education.system.db.AppTest/toc.html.
The file will have its original line endings in your working directory
warning: LF will be replaced by CRLF in digital-education-system-parent/digital-education-system-db/target/surefire-reports/old/index.html.
The file will have its original line endings in your working directory
warning: LF will be replaced by CRLF in digital-education-system-parent/digital-education-system-db/target/surefire-reports/testng-reports.css.
The file will have its original line endings in your working directory
warning: LF will be replaced by CRLF in digital-education-system-parent/digital-education-system-db/target/surefire-reports/testng-reports.js.
The file will have its original line endings in your working directory
warning: LF will be replaced by CRLF in digital-education-system-parent/digital-education-system-service/pom.xml.
The file will have its original line endings in your working directory
warning: LF will be replaced by CRLF in digital-education-system-parent/digital-education-system-service/target/classes/META-INF/maven/com.digital.education.system.service/digital-education-system-service/pom.xml.
The file will have its original line endings in your working directory
warning: LF will be replaced by CRLF in digital-education-system-parent/digital-education-system-service/target/maven-status/maven-compiler-plugin/compile/default-compile/createdFiles.lst.
The file will have its original line endings in your working directory
warning: LF will be replaced by CRLF in digital-education-system-parent/digital-education-system-service/target/maven-status/maven-compiler-plugin/compile/default-compile/inputFiles.lst.
The file will have its original line endings in your working directory
warning: LF will be replaced by CRLF in digital-education-system-parent/digital-education-system-service/target/maven-status/maven-compiler-plugin/testCompile/default-testCompile/createdFiles.lst.
The file will have its original line endings in your working directory
warning: LF will be replaced by CRLF in digital-education-system-parent/digital-education-system-service/target/maven-status/maven-compiler-plugin/testCompile/default-testCompile/inputFiles.lst.
The file will have its original line endings in your working directory
warning: LF will be replaced by CRLF in digital-education-system-parent/digital-education-system-service/target/surefire-reports/TEST-com.digital.education.system.service.AppTest.xml.
The file will have its original line endings in your working directory
warning: LF will be replaced by CRLF in digital-education-system-parent/digital-education-system-service/target/surefire-reports/com.digital.education.system.service.AppTest.txt.
The file will have its original line endings in your working directory
warning: LF will be replaced by CRLF in digital-education-system-parent/digital-education-system-service/target/surefire-reports/com.digital.education.system.service.AppTest/Command line test.html.
The file will have its original line endings in your working directory
warning: LF will be replaced by CRLF in digital-education-system-parent/digital-education-system-service/target/surefire-reports/com.digital.education.system.service.AppTest/Command line test.xml.
The file will have its original line endings in your working directory
warning: LF will be replaced by CRLF in digital-education-system-parent/digital-education-system-service/target/surefire-reports/index.html.
The file will have its original line endings in your working directory
warning: LF will be replaced by CRLF in digital-education-system-parent/digital-education-system-service/target/surefire-reports/jquery-1.7.1.min.js.
The file will have its original line endings in your working directory
warning: LF will be replaced by CRLF in digital-education-system-parent/digital-education-system-service/target/surefire-reports/old/com.digital.education.system.service.AppTest/classes.html.
The file will have its original line endings in your working directory
warning: LF will be replaced by CRLF in digital-education-system-parent/digital-education-system-service/target/surefire-reports/old/com.digital.education.system.service.AppTest/index.html.
The file will have its original line endings in your working directory
warning: LF will be replaced by CRLF in digital-education-system-parent/digital-education-system-service/target/surefire-reports/old/com.digital.education.system.service.AppTest/main.html.
The file will have its original line endings in your working directory
warning: LF will be replaced by CRLF in digital-education-system-parent/digital-education-system-service/target/surefire-reports/old/com.digital.education.system.service.AppTest/methods-alphabetical.html.
The file will have its original line endings in your working directory
warning: LF will be replaced by CRLF in digital-education-system-parent/digital-education-system-service/target/surefire-reports/old/com.digital.education.system.service.AppTest/methods-not-run.html.
The file will have its original line endings in your working directory
warning: LF will be replaced by CRLF in digital-education-system-parent/digital-education-system-service/target/surefire-reports/old/com.digital.education.system.service.AppTest/methods.html.
The file will have its original line endings in your working directory
warning: LF will be replaced by CRLF in digital-education-system-parent/digital-education-system-service/target/surefire-reports/old/com.digital.education.system.service.AppTest/toc.html.
The file will have its original line endings in your working directory
warning: LF will be replaced by CRLF in digital-education-system-parent/digital-education-system-service/target/surefire-reports/old/index.html.
The file will have its original line endings in your working directory
warning: LF will be replaced by CRLF in digital-education-system-parent/digital-education-system-service/target/surefire-reports/testng-reports.css.
The file will have its original line endings in your working directory
warning: LF will be replaced by CRLF in digital-education-system-parent/digital-education-system-service/target/surefire-reports/testng-reports.js.
The file will have its original line endings in your working directory
warning: LF will be replaced by CRLF in digital-education-system-parent/digital-education-system-ui/pom.xml.
The file will have its original line endings in your working directory
warning: LF will be replaced by CRLF in digital-education-system-parent/digital-education-system-ui/target/m2e-wtp/web-resources/META-INF/maven/com.digital.education.system.ui/digital-education-system-ui/pom.xml.
The file will have its original line endings in your working directory
warning: LF will be replaced by CRLF in digital-education-system-parent/digital-education-system-ui/target/maven-status/maven-compiler-plugin/compile/default-compile/createdFiles.lst.
The file will have its original line endings in your working directory
warning: LF will be replaced by CRLF in digital-education-system-parent/digital-education-system-ui/target/maven-status/maven-compiler-plugin/compile/default-compile/inputFiles.lst.
The file will have its original line endings in your working directory
warning: LF will be replaced by CRLF in digital-education-system-parent/pom.xml.
The file will have its original line endings in your working directory

sai@sai-PC MINGW32 /f/MultiModuleProject (master)
$ git commit -a -m "Initial commit"

*** Please tell me who you are.

Run

  git config --global user.email "you@example.com"
  git config --global user.name "Your Name"

to set your account's default identity.
Omit --global to set the identity only in this repository.

fatal: unable to auto-detect email address (got 'sai@sai-PC.(none)')

sai@sai-PC MINGW32 /f/MultiModuleProject (master)
$ git commit -a -m "Initial commit"^C

sai@sai-PC MINGW32 /f/MultiModuleProject (master)
$ git config --global user.email "dheeraj2mishra@gmail.com"

sai@sai-PC MINGW32 /f/MultiModuleProject (master)
$ git config --global user.name "dheeraj2mishra"

sai@sai-PC MINGW32 /f/MultiModuleProject (master)
$ git commit -a -m "Initial commit"
[master (root-commit) 0bf0bca] Initial commit
 451 files changed, 9244 insertions(+)
 create mode 100644 Readme.txt
 create mode 100644 digital-education-system-parent/.project
 create mode 100644 digital-education-system-parent/.settings/org.eclipse.m2e.core.prefs
 create mode 100644 digital-education-system-parent/digital-education-system-common/.classpath
 create mode 100644 digital-education-system-parent/digital-education-system-common/.project
 create mode 100644 digital-education-system-parent/digital-education-system-common/.settings/org.eclipse.jdt.core.prefs
 create mode 100644 digital-education-system-parent/digital-education-system-common/.settings/org.eclipse.m2e.core.prefs
 create mode 100644 digital-education-system-parent/digital-education-system-common/.settings/org.eclipse.wst.common.component
 create mode 100644 digital-education-system-parent/digital-education-system-common/.settings/org.eclipse.wst.common.project.facet.core.xml
 create mode 100644 digital-education-system-parent/digital-education-system-common/.settings/org.eclipse.wst.validation.prefs
 create mode 100644 digital-education-system-parent/digital-education-system-common/pom.xml
 create mode 100644 digital-education-system-parent/digital-education-system-common/src/main/java/com/digital/education/system/common/App.java
 create mode 100644 digital-education-system-parent/digital-education-system-common/src/main/java/com/digital/education/system/common/EmailAttachmentSender.java
 create mode 100644 digital-education-system-parent/digital-education-system-common/src/test/java/com/digital/education/system/common/AppTest.java
 create mode 100644 digital-education-system-parent/digital-education-system-common/target/classes/META-INF/MANIFEST.MF
 create mode 100644 digital-education-system-parent/digital-education-system-common/target/classes/META-INF/maven/com.digital.education.system.common/digital-education-system-common/pom.properties
 create mode 100644 digital-education-system-parent/digital-education-system-common/target/classes/META-INF/maven/com.digital.education.system.common/digital-education-system-common/pom.xml
 create mode 100644 digital-education-system-parent/digital-education-system-common/target/classes/com/digital/education/system/common/App.class
 create mode 100644 digital-education-system-parent/digital-education-system-common/target/classes/com/digital/education/system/common/EmailAttachmentSender$1.class
 create mode 100644 digital-education-system-parent/digital-education-system-common/target/classes/com/digital/education/system/common/EmailAttachmentSender.class
 create mode 100644 digital-education-system-parent/digital-education-system-common/target/digital-education-system-common-1.0-SNAPSHOT.jar
 create mode 100644 digital-education-system-parent/digital-education-system-common/target/maven-archiver/pom.properties
 create mode 100644 digital-education-system-parent/digital-education-system-common/target/maven-status/maven-compiler-plugin/compile/default-compile/createdFiles.lst
 create mode 100644 digital-education-system-parent/digital-education-system-common/target/maven-status/maven-compiler-plugin/compile/default-compile/inputFiles.lst
 create mode 100644 digital-education-system-parent/digital-education-system-common/target/maven-status/maven-compiler-plugin/testCompile/default-testCompile/createdFiles.lst
 create mode 100644 digital-education-system-parent/digital-education-system-common/target/maven-status/maven-compiler-plugin/testCompile/default-testCompile/inputFiles.lst
 create mode 100644 digital-education-system-parent/digital-education-system-common/target/surefire-reports/TEST-com.digital.education.system.common.AppTest.xml
 create mode 100644 digital-education-system-parent/digital-education-system-common/target/surefire-reports/bullet_point.png
 create mode 100644 digital-education-system-parent/digital-education-system-common/target/surefire-reports/collapseall.gif
 create mode 100644 digital-education-system-parent/digital-education-system-common/target/surefire-reports/com.digital.education.system.common.AppTest.txt
 create mode 100644 digital-education-system-parent/digital-education-system-common/target/surefire-reports/com.digital.education.system.common.AppTest/Command line test.html
 create mode 100644 digital-education-system-parent/digital-education-system-common/target/surefire-reports/com.digital.education.system.common.AppTest/Command line test.xml
 create mode 100644 digital-education-system-parent/digital-education-system-common/target/surefire-reports/emailable-report.html
 create mode 100644 digital-education-system-parent/digital-education-system-common/target/surefire-reports/failed.png
 create mode 100644 digital-education-system-parent/digital-education-system-common/target/surefire-reports/index.html
 create mode 100644 digital-education-system-parent/digital-education-system-common/target/surefire-reports/jquery-1.7.1.min.js
 create mode 100644 digital-education-system-parent/digital-education-system-common/target/surefire-reports/navigator-bullet.png
 create mode 100644 digital-education-system-parent/digital-education-system-common/target/surefire-reports/old/com.digital.education.system.common.AppTest/Command line test.properties
 create mode 100644 digital-education-system-parent/digital-education-system-common/target/surefire-reports/old/com.digital.education.system.common.AppTest/classes.html
 create mode 100644 digital-education-system-parent/digital-education-system-common/target/surefire-reports/old/com.digital.education.system.common.AppTest/groups.html
 create mode 100644 digital-education-system-parent/digital-education-system-common/target/surefire-reports/old/com.digital.education.system.common.AppTest/index.html
 create mode 100644 digital-education-system-parent/digital-education-system-common/target/surefire-reports/old/com.digital.education.system.common.AppTest/main.html
 create mode 100644 digital-education-system-parent/digital-education-system-common/target/surefire-reports/old/com.digital.education.system.common.AppTest/methods-alphabetical.html
 create mode 100644 digital-education-system-parent/digital-education-system-common/target/surefire-reports/old/com.digital.education.system.common.AppTest/methods-not-run.html
 create mode 100644 digital-education-system-parent/digital-education-system-common/target/surefire-reports/old/com.digital.education.system.common.AppTest/methods.html
 create mode 100644 digital-education-system-parent/digital-education-system-common/target/surefire-reports/old/com.digital.education.system.common.AppTest/reporter-output.html
 create mode 100644 digital-education-system-parent/digital-education-system-common/target/surefire-reports/old/com.digital.education.system.common.AppTest/testng.xml.html
 create mode 100644 digital-education-system-parent/digital-education-system-common/target/surefire-reports/old/com.digital.education.system.common.AppTest/toc.html
 create mode 100644 digital-education-system-parent/digital-education-system-common/target/surefire-reports/old/index.html
 create mode 100644 digital-education-system-parent/digital-education-system-common/target/surefire-reports/passed.png
 create mode 100644 digital-education-system-parent/digital-education-system-common/target/surefire-reports/skipped.png
 create mode 100644 digital-education-system-parent/digital-education-system-common/target/surefire-reports/testng-reports.css
 create mode 100644 digital-education-system-parent/digital-education-system-common/target/surefire-reports/testng-reports.js
 create mode 100644 digital-education-system-parent/digital-education-system-common/target/surefire-reports/testng-results.xml
 create mode 100644 digital-education-system-parent/digital-education-system-common/target/surefire-reports/testng.css
 create mode 100644 digital-education-system-parent/digital-education-system-common/target/test-classes/com/digital/education/system/common/AppTest.class
 create mode 100644 digital-education-system-parent/digital-education-system-data/.classpath
 create mode 100644 digital-education-system-parent/digital-education-system-data/.project
 create mode 100644 digital-education-system-parent/digital-education-system-data/.settings/org.eclipse.jdt.core.prefs
 create mode 100644 digital-education-system-parent/digital-education-system-data/.settings/org.eclipse.m2e.core.prefs
 create mode 100644 digital-education-system-parent/digital-education-system-data/.settings/org.eclipse.wst.common.component
 create mode 100644 digital-education-system-parent/digital-education-system-data/.settings/org.eclipse.wst.common.project.facet.core.xml
 create mode 100644 digital-education-system-parent/digital-education-system-data/.settings/org.eclipse.wst.validation.prefs
 create mode 100644 digital-education-system-parent/digital-education-system-data/lib/ojdbc14.jar
 create mode 100644 digital-education-system-parent/digital-education-system-data/pom.xml
 create mode 100644 digital-education-system-parent/digital-education-system-data/src/main/java/com/digital/education/system/data/dao/ITestEntityDAO.java
 create mode 100644 digital-education-system-parent/digital-education-system-data/src/main/java/com/digital/education/system/data/dao/impl/TestEntityDAO.java
 create mode 100644 digital-education-system-parent/digital-education-system-data/src/main/java/com/digital/education/system/data/dao/model/EmailModel.java
 create mode 100644 digital-education-system-parent/digital-education-system-data/src/main/java/com/digital/education/system/data/dao/model/TestEntity.java
 create mode 100644 digital-education-system-parent/digital-education-system-data/src/test/java/com/digital/education/system/data/AppTest.java
 create mode 100644 digital-education-system-parent/digital-education-system-data/target/classes/META-INF/MANIFEST.MF
 create mode 100644 digital-education-system-parent/digital-education-system-data/target/classes/META-INF/maven/com.digital.education.system.data/digital-education-system-data/pom.properties
 create mode 100644 digital-education-system-parent/digital-education-system-data/target/classes/META-INF/maven/com.digital.education.system.data/digital-education-system-data/pom.xml
 create mode 100644 digital-education-system-parent/digital-education-system-data/target/classes/com/digital/education/system/data/dao/ITestEntityDAO.class
 create mode 100644 digital-education-system-parent/digital-education-system-data/target/classes/com/digital/education/system/data/dao/impl/TestEntityDAO.class
 create mode 100644 digital-education-system-parent/digital-education-system-data/target/classes/com/digital/education/system/data/dao/model/EmailModel.class
 create mode 100644 digital-education-system-parent/digital-education-system-data/target/classes/com/digital/education/system/data/dao/model/TestEntity.class
 create mode 100644 digital-education-system-parent/digital-education-system-data/target/digital-education-system-data-1.0-SNAPSHOT.jar
 create mode 100644 digital-education-system-parent/digital-education-system-data/target/maven-archiver/pom.properties
 create mode 100644 digital-education-system-parent/digital-education-system-data/target/maven-status/maven-compiler-plugin/compile/default-compile/createdFiles.lst
 create mode 100644 digital-education-system-parent/digital-education-system-data/target/maven-status/maven-compiler-plugin/compile/default-compile/inputFiles.lst
 create mode 100644 digital-education-system-parent/digital-education-system-data/target/maven-status/maven-compiler-plugin/testCompile/default-testCompile/createdFiles.lst
 create mode 100644 digital-education-system-parent/digital-education-system-data/target/maven-status/maven-compiler-plugin/testCompile/default-testCompile/inputFiles.lst
 create mode 100644 digital-education-system-parent/digital-education-system-data/target/surefire-reports/TEST-com.digital.education.system.data.AppTest.xml
 create mode 100644 digital-education-system-parent/digital-education-system-data/target/surefire-reports/bullet_point.png
 create mode 100644 digital-education-system-parent/digital-education-system-data/target/surefire-reports/collapseall.gif
 create mode 100644 digital-education-system-parent/digital-education-system-data/target/surefire-reports/com.digital.education.system.data.AppTest.txt
 create mode 100644 digital-education-system-parent/digital-education-system-data/target/surefire-reports/com.digital.education.system.data.AppTest/Command line test.html
 create mode 100644 digital-education-system-parent/digital-education-system-data/target/surefire-reports/com.digital.education.system.data.AppTest/Command line test.xml
 create mode 100644 digital-education-system-parent/digital-education-system-data/target/surefire-reports/emailable-report.html
 create mode 100644 digital-education-system-parent/digital-education-system-data/target/surefire-reports/failed.png
 create mode 100644 digital-education-system-parent/digital-education-system-data/target/surefire-reports/index.html
 create mode 100644 digital-education-system-parent/digital-education-system-data/target/surefire-reports/jquery-1.7.1.min.js
 create mode 100644 digital-education-system-parent/digital-education-system-data/target/surefire-reports/navigator-bullet.png
 create mode 100644 digital-education-system-parent/digital-education-system-data/target/surefire-reports/old/com.digital.education.system.data.AppTest/Command line test.properties
 create mode 100644 digital-education-system-parent/digital-education-system-data/target/surefire-reports/old/com.digital.education.system.data.AppTest/classes.html
 create mode 100644 digital-education-system-parent/digital-education-system-data/target/surefire-reports/old/com.digital.education.system.data.AppTest/groups.html
 create mode 100644 digital-education-system-parent/digital-education-system-data/target/surefire-reports/old/com.digital.education.system.data.AppTest/index.html
 create mode 100644 digital-education-system-parent/digital-education-system-data/target/surefire-reports/old/com.digital.education.system.data.AppTest/main.html
 create mode 100644 digital-education-system-parent/digital-education-system-data/target/surefire-reports/old/com.digital.education.system.data.AppTest/methods-alphabetical.html
 create mode 100644 digital-education-system-parent/digital-education-system-data/target/surefire-reports/old/com.digital.education.system.data.AppTest/methods-not-run.html
 create mode 100644 digital-education-system-parent/digital-education-system-data/target/surefire-reports/old/com.digital.education.system.data.AppTest/methods.html
 create mode 100644 digital-education-system-parent/digital-education-system-data/target/surefire-reports/old/com.digital.education.system.data.AppTest/reporter-output.html
 create mode 100644 digital-education-system-parent/digital-education-system-data/target/surefire-reports/old/com.digital.education.system.data.AppTest/testng.xml.html
 create mode 100644 digital-education-system-parent/digital-education-system-data/target/surefire-reports/old/com.digital.education.system.data.AppTest/toc.html
 create mode 100644 digital-education-system-parent/digital-education-system-data/target/surefire-reports/old/index.html
 create mode 100644 digital-education-system-parent/digital-education-system-data/target/surefire-reports/passed.png
 create mode 100644 digital-education-system-parent/digital-education-system-data/target/surefire-reports/skipped.png
 create mode 100644 digital-education-system-parent/digital-education-system-data/target/surefire-reports/testng-reports.css
 create mode 100644 digital-education-system-parent/digital-education-system-data/target/surefire-reports/testng-reports.js
 create mode 100644 digital-education-system-parent/digital-education-system-data/target/surefire-reports/testng-results.xml
 create mode 100644 digital-education-system-parent/digital-education-system-data/target/surefire-reports/testng.css
 create mode 100644 digital-education-system-parent/digital-education-system-data/target/test-classes/com/digital/education/system/data/AppTest.class
 create mode 100644 digital-education-system-parent/digital-education-system-db/.classpath
 create mode 100644 digital-education-system-parent/digital-education-system-db/.project
 create mode 100644 digital-education-system-parent/digital-education-system-db/.settings/org.eclipse.jdt.core.prefs
 create mode 100644 digital-education-system-parent/digital-education-system-db/.settings/org.eclipse.m2e.core.prefs
 create mode 100644 digital-education-system-parent/digital-education-system-db/database.sql
 create mode 100644 digital-education-system-parent/digital-education-system-db/pom.xml
 create mode 100644 digital-education-system-parent/digital-education-system-db/src/main/java/com/digital/education/system/db/App.java
 create mode 100644 digital-education-system-parent/digital-education-system-db/src/test/java/com/digital/education/system/db/AppTest.java
 create mode 100644 digital-education-system-parent/digital-education-system-db/target/classes/META-INF/MANIFEST.MF
 create mode 100644 digital-education-system-parent/digital-education-system-db/target/classes/META-INF/maven/com.digital.education.system.db/digital-education-system-db/pom.properties
 create mode 100644 digital-education-system-parent/digital-education-system-db/target/classes/META-INF/maven/com.digital.education.system.db/digital-education-system-db/pom.xml
 create mode 100644 digital-education-system-parent/digital-education-system-db/target/classes/com/digital/education/system/db/App.class
 create mode 100644 digital-education-system-parent/digital-education-system-db/target/digital-education-system-db-1.0-SNAPSHOT.jar
 create mode 100644 digital-education-system-parent/digital-education-system-db/target/maven-archiver/pom.properties
 create mode 100644 digital-education-system-parent/digital-education-system-db/target/maven-status/maven-compiler-plugin/compile/default-compile/createdFiles.lst
 create mode 100644 digital-education-system-parent/digital-education-system-db/target/maven-status/maven-compiler-plugin/compile/default-compile/inputFiles.lst
 create mode 100644 digital-education-system-parent/digital-education-system-db/target/maven-status/maven-compiler-plugin/testCompile/default-testCompile/createdFiles.lst
 create mode 100644 digital-education-system-parent/digital-education-system-db/target/maven-status/maven-compiler-plugin/testCompile/default-testCompile/inputFiles.lst
 create mode 100644 digital-education-system-parent/digital-education-system-db/target/surefire-reports/TEST-com.digital.education.system.db.AppTest.xml
 create mode 100644 digital-education-system-parent/digital-education-system-db/target/surefire-reports/bullet_point.png
 create mode 100644 digital-education-system-parent/digital-education-system-db/target/surefire-reports/collapseall.gif
 create mode 100644 digital-education-system-parent/digital-education-system-db/target/surefire-reports/com.digital.education.system.db.AppTest.txt
 create mode 100644 digital-education-system-parent/digital-education-system-db/target/surefire-reports/com.digital.education.system.db.AppTest/Command line test.html
 create mode 100644 digital-education-system-parent/digital-education-system-db/target/surefire-reports/com.digital.education.system.db.AppTest/Command line test.xml
 create mode 100644 digital-education-system-parent/digital-education-system-db/target/surefire-reports/emailable-report.html
 create mode 100644 digital-education-system-parent/digital-education-system-db/target/surefire-reports/failed.png
 create mode 100644 digital-education-system-parent/digital-education-system-db/target/surefire-reports/index.html
 create mode 100644 digital-education-system-parent/digital-education-system-db/target/surefire-reports/jquery-1.7.1.min.js
 create mode 100644 digital-education-system-parent/digital-education-system-db/target/surefire-reports/navigator-bullet.png
 create mode 100644 digital-education-system-parent/digital-education-system-db/target/surefire-reports/old/com.digital.education.system.db.AppTest/Command line test.properties
 create mode 100644 digital-education-system-parent/digital-education-system-db/target/surefire-reports/old/com.digital.education.system.db.AppTest/classes.html
 create mode 100644 digital-education-system-parent/digital-education-system-db/target/surefire-reports/old/com.digital.education.system.db.AppTest/groups.html
 create mode 100644 digital-education-system-parent/digital-education-system-db/target/surefire-reports/old/com.digital.education.system.db.AppTest/index.html
 create mode 100644 digital-education-system-parent/digital-education-system-db/target/surefire-reports/old/com.digital.education.system.db.AppTest/main.html
 create mode 100644 digital-education-system-parent/digital-education-system-db/target/surefire-reports/old/com.digital.education.system.db.AppTest/methods-alphabetical.html
 create mode 100644 digital-education-system-parent/digital-education-system-db/target/surefire-reports/old/com.digital.education.system.db.AppTest/methods-not-run.html
 create mode 100644 digital-education-system-parent/digital-education-system-db/target/surefire-reports/old/com.digital.education.system.db.AppTest/methods.html
 create mode 100644 digital-education-system-parent/digital-education-system-db/target/surefire-reports/old/com.digital.education.system.db.AppTest/reporter-output.html
 create mode 100644 digital-education-system-parent/digital-education-system-db/target/surefire-reports/old/com.digital.education.system.db.AppTest/testng.xml.html
 create mode 100644 digital-education-system-parent/digital-education-system-db/target/surefire-reports/old/com.digital.education.system.db.AppTest/toc.html
 create mode 100644 digital-education-system-parent/digital-education-system-db/target/surefire-reports/old/index.html
 create mode 100644 digital-education-system-parent/digital-education-system-db/target/surefire-reports/passed.png
 create mode 100644 digital-education-system-parent/digital-education-system-db/target/surefire-reports/skipped.png
 create mode 100644 digital-education-system-parent/digital-education-system-db/target/surefire-reports/testng-reports.css
 create mode 100644 digital-education-system-parent/digital-education-system-db/target/surefire-reports/testng-reports.js
 create mode 100644 digital-education-system-parent/digital-education-system-db/target/surefire-reports/testng-results.xml
 create mode 100644 digital-education-system-parent/digital-education-system-db/target/surefire-reports/testng.css
 create mode 100644 digital-education-system-parent/digital-education-system-db/target/test-classes/com/digital/education/system/db/AppTest.class
 create mode 100644 digital-education-system-parent/digital-education-system-service/.classpath
 create mode 100644 digital-education-system-parent/digital-education-system-service/.project
 create mode 100644 digital-education-system-parent/digital-education-system-service/.settings/org.eclipse.jdt.core.prefs
 create mode 100644 digital-education-system-parent/digital-education-system-service/.settings/org.eclipse.m2e.core.prefs
 create mode 100644 digital-education-system-parent/digital-education-system-service/.settings/org.eclipse.wst.common.component
 create mode 100644 digital-education-system-parent/digital-education-system-service/.settings/org.eclipse.wst.common.project.facet.core.xml
 create mode 100644 digital-education-system-parent/digital-education-system-service/.settings/org.eclipse.wst.validation.prefs
 create mode 100644 digital-education-system-parent/digital-education-system-service/pom.xml
 create mode 100644 digital-education-system-parent/digital-education-system-service/src/main/java/com/digital/education/system/service/IEmailService.java
 create mode 100644 digital-education-system-parent/digital-education-system-service/src/main/java/com/digital/education/system/service/IEntityService.java
 create mode 100644 digital-education-system-parent/digital-education-system-service/src/main/java/com/digital/education/system/service/impl/EmailService.java
 create mode 100644 digital-education-system-parent/digital-education-system-service/src/main/java/com/digital/education/system/service/impl/EntityService.java
 create mode 100644 digital-education-system-parent/digital-education-system-service/src/test/java/com/digital/education/system/service/AppTest.java
 create mode 100644 digital-education-system-parent/digital-education-system-service/target/classes/META-INF/MANIFEST.MF
 create mode 100644 digital-education-system-parent/digital-education-system-service/target/classes/META-INF/maven/com.digital.education.system.service/digital-education-system-service/pom.properties
 create mode 100644 digital-education-system-parent/digital-education-system-service/target/classes/META-INF/maven/com.digital.education.system.service/digital-education-system-service/pom.xml
 create mode 100644 digital-education-system-parent/digital-education-system-service/target/classes/com/digital/education/system/service/IEmailService.class
 create mode 100644 digital-education-system-parent/digital-education-system-service/target/classes/com/digital/education/system/service/IEntityService.class
 create mode 100644 digital-education-system-parent/digital-education-system-service/target/classes/com/digital/education/system/service/impl/EmailService$1.class
 create mode 100644 digital-education-system-parent/digital-education-system-service/target/classes/com/digital/education/system/service/impl/EmailService.class
 create mode 100644 digital-education-system-parent/digital-education-system-service/target/classes/com/digital/education/system/service/impl/EntityService.class
 create mode 100644 digital-education-system-parent/digital-education-system-service/target/digital-education-system-service-1.0-SNAPSHOT.jar
 create mode 100644 digital-education-system-parent/digital-education-system-service/target/maven-archiver/pom.properties
 create mode 100644 digital-education-system-parent/digital-education-system-service/target/maven-status/maven-compiler-plugin/compile/default-compile/createdFiles.lst
 create mode 100644 digital-education-system-parent/digital-education-system-service/target/maven-status/maven-compiler-plugin/compile/default-compile/inputFiles.lst
 create mode 100644 digital-education-system-parent/digital-education-system-service/target/maven-status/maven-compiler-plugin/testCompile/default-testCompile/createdFiles.lst
 create mode 100644 digital-education-system-parent/digital-education-system-service/target/maven-status/maven-compiler-plugin/testCompile/default-testCompile/inputFiles.lst
 create mode 100644 digital-education-system-parent/digital-education-system-service/target/surefire-reports/TEST-com.digital.education.system.service.AppTest.xml
 create mode 100644 digital-education-system-parent/digital-education-system-service/target/surefire-reports/bullet_point.png
 create mode 100644 digital-education-system-parent/digital-education-system-service/target/surefire-reports/collapseall.gif
 create mode 100644 digital-education-system-parent/digital-education-system-service/target/surefire-reports/com.digital.education.system.service.AppTest.txt
 create mode 100644 digital-education-system-parent/digital-education-system-service/target/surefire-reports/com.digital.education.system.service.AppTest/Command line test.html
 create mode 100644 digital-education-system-parent/digital-education-system-service/target/surefire-reports/com.digital.education.system.service.AppTest/Command line test.xml
 create mode 100644 digital-education-system-parent/digital-education-system-service/target/surefire-reports/emailable-report.html
 create mode 100644 digital-education-system-parent/digital-education-system-service/target/surefire-reports/failed.png
 create mode 100644 digital-education-system-parent/digital-education-system-service/target/surefire-reports/index.html
 create mode 100644 digital-education-system-parent/digital-education-system-service/target/surefire-reports/jquery-1.7.1.min.js
 create mode 100644 digital-education-system-parent/digital-education-system-service/target/surefire-reports/navigator-bullet.png
 create mode 100644 digital-education-system-parent/digital-education-system-service/target/surefire-reports/old/com.digital.education.system.service.AppTest/Command line test.properties
 create mode 100644 digital-education-system-parent/digital-education-system-service/target/surefire-reports/old/com.digital.education.system.service.AppTest/classes.html
 create mode 100644 digital-education-system-parent/digital-education-system-service/target/surefire-reports/old/com.digital.education.system.service.AppTest/groups.html
 create mode 100644 digital-education-system-parent/digital-education-system-service/target/surefire-reports/old/com.digital.education.system.service.AppTest/index.html
 create mode 100644 digital-education-system-parent/digital-education-system-service/target/surefire-reports/old/com.digital.education.system.service.AppTest/main.html
 create mode 100644 digital-education-system-parent/digital-education-system-service/target/surefire-reports/old/com.digital.education.system.service.AppTest/methods-alphabetical.html
 create mode 100644 digital-education-system-parent/digital-education-system-service/target/surefire-reports/old/com.digital.education.system.service.AppTest/methods-not-run.html
 create mode 100644 digital-education-system-parent/digital-education-system-service/target/surefire-reports/old/com.digital.education.system.service.AppTest/methods.html
 create mode 100644 digital-education-system-parent/digital-education-system-service/target/surefire-reports/old/com.digital.education.system.service.AppTest/reporter-output.html
 create mode 100644 digital-education-system-parent/digital-education-system-service/target/surefire-reports/old/com.digital.education.system.service.AppTest/testng.xml.html
 create mode 100644 digital-education-system-parent/digital-education-system-service/target/surefire-reports/old/com.digital.education.system.service.AppTest/toc.html
 create mode 100644 digital-education-system-parent/digital-education-system-service/target/surefire-reports/old/index.html
 create mode 100644 digital-education-system-parent/digital-education-system-service/target/surefire-reports/passed.png
 create mode 100644 digital-education-system-parent/digital-education-system-service/target/surefire-reports/skipped.png
 create mode 100644 digital-education-system-parent/digital-education-system-service/target/surefire-reports/testng-reports.css
 create mode 100644 digital-education-system-parent/digital-education-system-service/target/surefire-reports/testng-reports.js
 create mode 100644 digital-education-system-parent/digital-education-system-service/target/surefire-reports/testng-results.xml
 create mode 100644 digital-education-system-parent/digital-education-system-service/target/surefire-reports/testng.css
 create mode 100644 digital-education-system-parent/digital-education-system-service/target/test-classes/com/digital/education/system/service/AppTest.class
 create mode 100644 digital-education-system-parent/digital-education-system-ui/.classpath
 create mode 100644 digital-education-system-parent/digital-education-system-ui/.project
 create mode 100644 digital-education-system-parent/digital-education-system-ui/.settings/.jsdtscope
 create mode 100644 digital-education-system-parent/digital-education-system-ui/.settings/org.eclipse.jdt.core.prefs
 create mode 100644 digital-education-system-parent/digital-education-system-ui/.settings/org.eclipse.m2e.core.prefs
 create mode 100644 digital-education-system-parent/digital-education-system-ui/.settings/org.eclipse.wst.common.component
 create mode 100644 digital-education-system-parent/digital-education-system-ui/.settings/org.eclipse.wst.common.project.facet.core.xml
 create mode 100644 digital-education-system-parent/digital-education-system-ui/.settings/org.eclipse.wst.jsdt.ui.superType.container
 create mode 100644 digital-education-system-parent/digital-education-system-ui/.settings/org.eclipse.wst.jsdt.ui.superType.name
 create mode 100644 digital-education-system-parent/digital-education-system-ui/.settings/org.eclipse.wst.validation.prefs
 create mode 100644 digital-education-system-parent/digital-education-system-ui/pom.xml
 create mode 100644 digital-education-system-parent/digital-education-system-ui/src/main/java/com/digital/education/system/rest/controller/EmailServiceController.java
 create mode 100644 digital-education-system-parent/digital-education-system-ui/src/main/java/com/digital/education/system/ui/managed/bean/AboutUsManagedBean.java
 create mode 100644 digital-education-system-parent/digital-education-system-ui/src/main/java/com/digital/education/system/ui/managed/bean/CoffieServicesManagedBean.java
 create mode 100644 digital-education-system-parent/digital-education-system-ui/src/main/java/com/digital/education/system/ui/managed/bean/ContactUsManagedBean.java
 create mode 100644 digital-education-system-parent/digital-education-system-ui/src/main/java/com/digital/education/system/ui/managed/bean/EmailServiceManagedBean.java
 create mode 100644 digital-education-system-parent/digital-education-system-ui/src/main/java/com/digital/education/system/ui/managed/bean/EntityBBean.java
 create mode 100644 digital-education-system-parent/digital-education-system-ui/src/main/java/com/digital/education/system/ui/managed/bean/HomeDeliveryManagedBean.java
 create mode 100644 digital-education-system-parent/digital-education-system-ui/src/main/java/com/digital/education/system/ui/managed/bean/ImagesViewManagedBean.java
 create mode 100644 digital-education-system-parent/digital-education-system-ui/src/main/java/com/digital/education/system/ui/managed/bean/LoginManagedBean.java
 create mode 100644 digital-education-system-parent/digital-education-system-ui/src/main/java/com/digital/education/system/ui/managed/bean/ModeOfPaymentManagedBean.java
 create mode 100644 digital-education-system-parent/digital-education-system-ui/src/main/java/com/digital/education/system/ui/managed/bean/OfficeDeliveryManagedBean.java
 create mode 100644 digital-education-system-parent/digital-education-system-ui/src/main/java/com/digital/education/system/ui/managed/bean/OtherChannelsManagedBean.java
 create mode 100644 digital-education-system-parent/digital-education-system-ui/src/main/java/com/digital/education/system/ui/managed/bean/OurClientsManagedBean.java
 create mode 100644 digital-education-system-parent/digital-education-system-ui/src/main/java/com/digital/education/system/ui/managed/bean/OurTeamManagedBean.java
 create mode 100644 digital-education-system-parent/digital-education-system-ui/src/main/java/com/digital/education/system/ui/managed/bean/PanelMenuBean.java
 create mode 100644 digital-education-system-parent/digital-education-system-ui/src/main/java/com/digital/education/system/ui/managed/bean/RegisterManagedBean.java
 create mode 100644 digital-education-system-parent/digital-education-system-ui/src/main/java/com/digital/education/system/ui/managed/bean/WaterServicesManagedBean.java
 create mode 100644 digital-education-system-parent/digital-education-system-ui/src/main/webapp/WEB-INF/applicationContext.xml
 create mode 100644 digital-education-system-parent/digital-education-system-ui/src/main/webapp/WEB-INF/faces-config.xml
 create mode 100644 digital-education-system-parent/digital-education-system-ui/src/main/webapp/WEB-INF/web.xml
 create mode 100644 digital-education-system-parent/digital-education-system-ui/src/main/webapp/pages/aboutUs.xhtml
 create mode 100644 digital-education-system-parent/digital-education-system-ui/src/main/webapp/pages/coffie.xhtml
 create mode 100644 digital-education-system-parent/digital-education-system-ui/src/main/webapp/pages/commonContent.xhtml
 create mode 100644 digital-education-system-parent/digital-education-system-ui/src/main/webapp/pages/commonFooter.xhtml
 create mode 100644 digital-education-system-parent/digital-education-system-ui/src/main/webapp/pages/commonHeader.xhtml
 create mode 100644 digital-education-system-parent/digital-education-system-ui/src/main/webapp/pages/commonLayout.xhtml
 create mode 100644 digital-education-system-parent/digital-education-system-ui/src/main/webapp/pages/commonMenu.xhtml
 create mode 100644 digital-education-system-parent/digital-education-system-ui/src/main/webapp/pages/commonMenu2.xhtml
 create mode 100644 digital-education-system-parent/digital-education-system-ui/src/main/webapp/pages/commonRightBar.xhtml
 create mode 100644 digital-education-system-parent/digital-education-system-ui/src/main/webapp/pages/contactUs.xhtml
 create mode 100644 digital-education-system-parent/digital-education-system-ui/src/main/webapp/pages/emailSuccess.xhtml
 create mode 100644 digital-education-system-parent/digital-education-system-ui/src/main/webapp/pages/googlec91fafba41f59522.html
 create mode 100644 digital-education-system-parent/digital-education-system-ui/src/main/webapp/pages/homeDelivery.xhtml
 create mode 100644 digital-education-system-parent/digital-education-system-ui/src/main/webapp/pages/imageView.xhtml
 create mode 100644 digital-education-system-parent/digital-education-system-ui/src/main/webapp/pages/index.xhtml
 create mode 100644 digital-education-system-parent/digital-education-system-ui/src/main/webapp/pages/index2.xhtml
 create mode 100644 digital-education-system-parent/digital-education-system-ui/src/main/webapp/pages/login.xhtml
 create mode 100644 digital-education-system-parent/digital-education-system-ui/src/main/webapp/pages/modeOfPayment.xhtml
 create mode 100644 digital-education-system-parent/digital-education-system-ui/src/main/webapp/pages/officeDelivery.xhtml
 create mode 100644 digital-education-system-parent/digital-education-system-ui/src/main/webapp/pages/otherChannels.xhtml
 create mode 100644 digital-education-system-parent/digital-education-system-ui/src/main/webapp/pages/ourClients.xhtml
 create mode 100644 digital-education-system-parent/digital-education-system-ui/src/main/webapp/pages/ourTeam.xhtml
 create mode 100644 digital-education-system-parent/digital-education-system-ui/src/main/webapp/pages/register.xhtml
 create mode 100644 digital-education-system-parent/digital-education-system-ui/src/main/webapp/pages/water.xhtml
 create mode 100644 digital-education-system-parent/digital-education-system-ui/src/main/webapp/pages/waterDelivery.xhtml
 create mode 100644 digital-education-system-parent/digital-education-system-ui/src/main/webapp/resources/css/deepMarine.skin.properties
 create mode 100644 digital-education-system-parent/digital-education-system-ui/src/main/webapp/resources/css/page.css
 create mode 100644 digital-education-system-parent/digital-education-system-ui/src/main/webapp/resources/css/slidfast.css
 create mode 100644 digital-education-system-parent/digital-education-system-ui/src/main/webapp/resources/css/slidfast.js
 create mode 100644 digital-education-system-parent/digital-education-system-ui/src/main/webapp/resources/images/Header12.jpg
 create mode 100644 digital-education-system-parent/digital-education-system-ui/src/main/webapp/resources/images/VarshaEnterprisesHeader1.jpg
 create mode 100644 digital-education-system-parent/digital-education-system-ui/src/main/webapp/resources/images/bse.jpg
 create mode 100644 digital-education-system-parent/digital-education-system-ui/src/main/webapp/resources/images/kedar1.jpg
 create mode 100644 digital-education-system-parent/digital-education-system-ui/src/main/webapp/resources/images/kedar10.jpg
 create mode 100644 digital-education-system-parent/digital-education-system-ui/src/main/webapp/resources/images/kedar11.jpg
 create mode 100644 digital-education-system-parent/digital-education-system-ui/src/main/webapp/resources/images/kedar12.jpg
 create mode 100644 digital-education-system-parent/digital-education-system-ui/src/main/webapp/resources/images/kedar2.jpg
 create mode 100644 digital-education-system-parent/digital-education-system-ui/src/main/webapp/resources/images/kedar3.jpg
 create mode 100644 digital-education-system-parent/digital-education-system-ui/src/main/webapp/resources/images/kedar4.jpg
 create mode 100644 digital-education-system-parent/digital-education-system-ui/src/main/webapp/resources/images/kedar5.jpg
 create mode 100644 digital-education-system-parent/digital-education-system-ui/src/main/webapp/resources/images/kedar6.jpg
 create mode 100644 digital-education-system-parent/digital-education-system-ui/src/main/webapp/resources/images/kedar7.jpg
 create mode 100644 digital-education-system-parent/digital-education-system-ui/src/main/webapp/resources/images/kedar8.jpg
 create mode 100644 digital-education-system-parent/digital-education-system-ui/src/main/webapp/resources/images/kedar9.jpg
 create mode 100644 digital-education-system-parent/digital-education-system-ui/src/main/webapp/resources/images/logo123.jpg
 create mode 100644 digital-education-system-parent/digital-education-system-ui/src/main/webapp/resources/images/logo1234.jpg
 create mode 100644 digital-education-system-parent/digital-education-system-ui/src/main/webapp/resources/images/tooplate_footer.png
 create mode 100644 digital-education-system-parent/digital-education-system-ui/src/main/webapp/resources/images/tooplate_header.jpg
 create mode 100644 digital-education-system-parent/digital-education-system-ui/src/main/webapp/resources/images/water1.jpg
 create mode 100644 digital-education-system-parent/digital-education-system-ui/src/main/webapp/resources/images/water2.jpg
 create mode 100644 digital-education-system-parent/digital-education-system-ui/src/main/webapp/resources/images/water3.jpg
 create mode 100644 digital-education-system-parent/digital-education-system-ui/src/main/webapp/resources/images/waterHeader.jpg
 create mode 100644 digital-education-system-parent/digital-education-system-ui/target/classes/com/digital/education/system/rest/controller/EmailServiceController.class
 create mode 100644 digital-education-system-parent/digital-education-system-ui/target/classes/com/digital/education/system/ui/managed/bean/AboutUsManagedBean.class
 create mode 100644 digital-education-system-parent/digital-education-system-ui/target/classes/com/digital/education/system/ui/managed/bean/CoffieServicesManagedBean.class
 create mode 100644 digital-education-system-parent/digital-education-system-ui/target/classes/com/digital/education/system/ui/managed/bean/ContactUsManagedBean.class
 create mode 100644 digital-education-system-parent/digital-education-system-ui/target/classes/com/digital/education/system/ui/managed/bean/EmailServiceManagedBean.class
 create mode 100644 digital-education-system-parent/digital-education-system-ui/target/classes/com/digital/education/system/ui/managed/bean/EntityBBean.class
 create mode 100644 digital-education-system-parent/digital-education-system-ui/target/classes/com/digital/education/system/ui/managed/bean/HomeDeliveryManagedBean.class
 create mode 100644 digital-education-system-parent/digital-education-system-ui/target/classes/com/digital/education/system/ui/managed/bean/ImagesViewManagedBean.class
 create mode 100644 digital-education-system-parent/digital-education-system-ui/target/classes/com/digital/education/system/ui/managed/bean/LoginManagedBean.class
 create mode 100644 digital-education-system-parent/digital-education-system-ui/target/classes/com/digital/education/system/ui/managed/bean/ModeOfPaymentManagedBean.class
 create mode 100644 digital-education-system-parent/digital-education-system-ui/target/classes/com/digital/education/system/ui/managed/bean/OfficeDeliveryManagedBean.class
 create mode 100644 digital-education-system-parent/digital-education-system-ui/target/classes/com/digital/education/system/ui/managed/bean/OtherChannelsManagedBean.class
 create mode 100644 digital-education-system-parent/digital-education-system-ui/target/classes/com/digital/education/system/ui/managed/bean/OurClientsManagedBean.class
 create mode 100644 digital-education-system-parent/digital-education-system-ui/target/classes/com/digital/education/system/ui/managed/bean/OurTeamManagedBean.class
 create mode 100644 digital-education-system-parent/digital-education-system-ui/target/classes/com/digital/education/system/ui/managed/bean/PanelMenuBean.class
 create mode 100644 digital-education-system-parent/digital-education-system-ui/target/classes/com/digital/education/system/ui/managed/bean/RegisterManagedBean.class
 create mode 100644 digital-education-system-parent/digital-education-system-ui/target/classes/com/digital/education/system/ui/managed/bean/WaterServicesManagedBean.class
 create mode 100644 digital-education-system-parent/digital-education-system-ui/target/digital-education-system-ui.war
 create mode 100644 digital-education-system-parent/digital-education-system-ui/target/digital-education-system-ui/WEB-INF/applicationContext.xml
 create mode 100644 digital-education-system-parent/digital-education-system-ui/target/digital-education-system-ui/WEB-INF/classes/com/digital/education/system/rest/controller/EmailServiceController.class
 create mode 100644 digital-education-system-parent/digital-education-system-ui/target/digital-education-system-ui/WEB-INF/classes/com/digital/education/system/ui/managed/bean/AboutUsManagedBean.class
 create mode 100644 digital-education-system-parent/digital-education-system-ui/target/digital-education-system-ui/WEB-INF/classes/com/digital/education/system/ui/managed/bean/CoffieServicesManagedBean.class
 create mode 100644 digital-education-system-parent/digital-education-system-ui/target/digital-education-system-ui/WEB-INF/classes/com/digital/education/system/ui/managed/bean/ContactUsManagedBean.class
 create mode 100644 digital-education-system-parent/digital-education-system-ui/target/digital-education-system-ui/WEB-INF/classes/com/digital/education/system/ui/managed/bean/EmailServiceManagedBean.class
 create mode 100644 digital-education-system-parent/digital-education-system-ui/target/digital-education-system-ui/WEB-INF/classes/com/digital/education/system/ui/managed/bean/EntityBBean.class
 create mode 100644 digital-education-system-parent/digital-education-system-ui/target/digital-education-system-ui/WEB-INF/classes/com/digital/education/system/ui/managed/bean/HomeDeliveryManagedBean.class
 create mode 100644 digital-education-system-parent/digital-education-system-ui/target/digital-education-system-ui/WEB-INF/classes/com/digital/education/system/ui/managed/bean/ImagesViewManagedBean.class
 create mode 100644 digital-education-system-parent/digital-education-system-ui/target/digital-education-system-ui/WEB-INF/classes/com/digital/education/system/ui/managed/bean/LoginManagedBean.class
 create mode 100644 digital-education-system-parent/digital-education-system-ui/target/digital-education-system-ui/WEB-INF/classes/com/digital/education/system/ui/managed/bean/ModeOfPaymentManagedBean.class
 create mode 100644 digital-education-system-parent/digital-education-system-ui/target/digital-education-system-ui/WEB-INF/classes/com/digital/education/system/ui/managed/bean/OfficeDeliveryManagedBean.class
 create mode 100644 digital-education-system-parent/digital-education-system-ui/target/digital-education-system-ui/WEB-INF/classes/com/digital/education/system/ui/managed/bean/OtherChannelsManagedBean.class
 create mode 100644 digital-education-system-parent/digital-education-system-ui/target/digital-education-system-ui/WEB-INF/classes/com/digital/education/system/ui/managed/bean/OurClientsManagedBean.class
 create mode 100644 digital-education-system-parent/digital-education-system-ui/target/digital-education-system-ui/WEB-INF/classes/com/digital/education/system/ui/managed/bean/OurTeamManagedBean.class
 create mode 100644 digital-education-system-parent/digital-education-system-ui/target/digital-education-system-ui/WEB-INF/classes/com/digital/education/system/ui/managed/bean/PanelMenuBean.class
 create mode 100644 digital-education-system-parent/digital-education-system-ui/target/digital-education-system-ui/WEB-INF/classes/com/digital/education/system/ui/managed/bean/RegisterManagedBean.class
 create mode 100644 digital-education-system-parent/digital-education-system-ui/target/digital-education-system-ui/WEB-INF/classes/com/digital/education/system/ui/managed/bean/WaterServicesManagedBean.class
 create mode 100644 digital-education-system-parent/digital-education-system-ui/target/digital-education-system-ui/WEB-INF/faces-config.xml
 create mode 100644 digital-education-system-parent/digital-education-system-ui/target/digital-education-system-ui/WEB-INF/lib/activation-1.1.jar
 create mode 100644 digital-education-system-parent/digital-education-system-ui/target/digital-education-system-ui/WEB-INF/lib/antlr-2.7.7.jar
 create mode 100644 digital-education-system-parent/digital-education-system-ui/target/digital-education-system-ui/WEB-INF/lib/aopalliance-1.0.jar
 create mode 100644 digital-education-system-parent/digital-education-system-ui/target/digital-education-system-ui/WEB-INF/lib/bsh-2.0b4.jar
 create mode 100644 digital-education-system-parent/digital-education-system-ui/target/digital-education-system-ui/WEB-INF/lib/cdi-api-1.2.jar
 create mode 100644 digital-education-system-parent/digital-education-system-ui/target/digital-education-system-ui/WEB-INF/lib/commons-collections-3.2.1.jar
 create mode 100644 digital-education-system-parent/digital-education-system-ui/target/digital-education-system-ui/WEB-INF/lib/commons-logging-1.1.1.jar
 create mode 100644 digital-education-system-parent/digital-education-system-ui/target/digital-education-system-ui/WEB-INF/lib/cssparser-0.9.14.jar
 create mode 100644 digital-education-system-parent/digital-education-system-ui/target/digital-education-system-ui/WEB-INF/lib/digital-education-system-common-1.0-SNAPSHOT.jar
 create mode 100644 digital-education-system-parent/digital-education-system-ui/target/digital-education-system-ui/WEB-INF/lib/digital-education-system-data-1.0-SNAPSHOT.jar
 create mode 100644 digital-education-system-parent/digital-education-system-ui/target/digital-education-system-ui/WEB-INF/lib/digital-education-system-service-1.0-SNAPSHOT.jar
 create mode 100644 digital-education-system-parent/digital-education-system-ui/target/digital-education-system-ui/WEB-INF/lib/dom4j-1.6.1.jar
 create mode 100644 digital-education-system-parent/digital-education-system-ui/target/digital-education-system-ui/WEB-INF/lib/guava-18.0.jar
 create mode 100644 digital-education-system-parent/digital-education-system-ui/target/digital-education-system-ui/WEB-INF/lib/hibernate-commons-annotations-4.0.1.Final.jar
 create mode 100644 digital-education-system-parent/digital-education-system-ui/target/digital-education-system-ui/WEB-INF/lib/hibernate-core-4.1.0.Final.jar
 create mode 100644 digital-education-system-parent/digital-education-system-ui/target/digital-education-system-ui/WEB-INF/lib/hibernate-jpa-2.0-api-1.0.1.Final.jar
 create mode 100644 digital-education-system-parent/digital-education-system-ui/target/digital-education-system-ui/WEB-INF/lib/javassist-3.12.1.GA.jar
 create mode 100644 digital-education-system-parent/digital-education-system-ui/target/digital-education-system-ui/WEB-INF/lib/javassist-3.15.0-GA.jar
 create mode 100644 digital-education-system-parent/digital-education-system-ui/target/digital-education-system-ui/WEB-INF/lib/javax.el-api-3.0.0.jar
 create mode 100644 digital-education-system-parent/digital-education-system-ui/target/digital-education-system-ui/WEB-INF/lib/javax.inject-1.jar
 create mode 100644 digital-education-system-parent/digital-education-system-ui/target/digital-education-system-ui/WEB-INF/lib/javax.interceptor-api-1.2.jar
 create mode 100644 digital-education-system-parent/digital-education-system-ui/target/digital-education-system-ui/WEB-INF/lib/jboss-logging-3.1.0.CR2.jar
 create mode 100644 digital-education-system-parent/digital-education-system-ui/target/digital-education-system-ui/WEB-INF/lib/jboss-transaction-api_1.1_spec-1.0.0.Final.jar
 create mode 100644 digital-education-system-parent/digital-education-system-ui/target/digital-education-system-ui/WEB-INF/lib/jcommander-1.27.jar
 create mode 100644 digital-education-system-parent/digital-education-system-ui/target/digital-education-system-ui/WEB-INF/lib/jsf-api-2.2.7.jar
 create mode 100644 digital-education-system-parent/digital-education-system-ui/target/digital-education-system-ui/WEB-INF/lib/jsf-impl-2.2.7.jar
 create mode 100644 digital-education-system-parent/digital-education-system-ui/target/digital-education-system-ui/WEB-INF/lib/jstl-1.2.jar
 create mode 100644 digital-education-system-parent/digital-education-system-ui/target/digital-education-system-ui/WEB-INF/lib/log4j-1.2.17.jar
 create mode 100644 digital-education-system-parent/digital-education-system-ui/target/digital-education-system-ui/WEB-INF/lib/mail-1.4.jar
 create mode 100644 digital-education-system-parent/digital-education-system-ui/target/digital-education-system-ui/WEB-INF/lib/mysql-connector-java-5.1.17.jar
 create mode 100644 digital-education-system-parent/digital-education-system-ui/target/digital-education-system-ui/WEB-INF/lib/primefaces-6.2.jar
 create mode 100644 digital-education-system-parent/digital-education-system-ui/target/digital-education-system-ui/WEB-INF/lib/richfaces-4.5.1.Final.jar
 create mode 100644 digital-education-system-parent/digital-education-system-ui/target/digital-education-system-ui/WEB-INF/lib/richfaces-a4j-4.5.1.Final.jar
 create mode 100644 digital-education-system-parent/digital-education-system-ui/target/digital-education-system-ui/WEB-INF/lib/richfaces-core-4.5.1.Final.jar
 create mode 100644 digital-education-system-parent/digital-education-system-ui/target/digital-education-system-ui/WEB-INF/lib/sac-1.3.jar
 create mode 100644 digital-education-system-parent/digital-education-system-ui/target/digital-education-system-ui/WEB-INF/lib/slf4j-api-1.7.5.jar
 create mode 100644 digital-education-system-parent/digital-education-system-ui/target/digital-education-system-ui/WEB-INF/lib/slf4j-log4j12-1.7.5.jar
 create mode 100644 digital-education-system-parent/digital-education-system-ui/target/digital-education-system-ui/WEB-INF/lib/snakeyaml-1.12.jar
 create mode 100644 digital-education-system-parent/digital-education-system-ui/target/digital-education-system-ui/WEB-INF/lib/spring-aop-4.0.0.RELEASE.jar
 create mode 100644 digital-education-system-parent/digital-education-system-ui/target/digital-education-system-ui/WEB-INF/lib/spring-beans-4.0.0.RELEASE.jar
 create mode 100644 digital-education-system-parent/digital-education-system-ui/target/digital-education-system-ui/WEB-INF/lib/spring-context-4.0.0.RELEASE.jar
 create mode 100644 digital-education-system-parent/digital-education-system-ui/target/digital-education-system-ui/WEB-INF/lib/spring-core-4.0.0.RELEASE.jar
 create mode 100644 digital-education-system-parent/digital-education-system-ui/target/digital-education-system-ui/WEB-INF/lib/spring-expression-4.0.0.RELEASE.jar
 create mode 100644 digital-education-system-parent/digital-education-system-ui/target/digital-education-system-ui/WEB-INF/lib/spring-jdbc-4.0.0.RELEASE.jar
 create mode 100644 digital-education-system-parent/digital-education-system-ui/target/digital-education-system-ui/WEB-INF/lib/spring-orm-4.0.0.RELEASE.jar
 create mode 100644 digital-education-system-parent/digital-education-system-ui/target/digital-education-system-ui/WEB-INF/lib/spring-test-4.0.0.RELEASE.jar
 create mode 100644 digital-education-system-parent/digital-education-system-ui/target/digital-education-system-ui/WEB-INF/lib/spring-tx-4.0.0.RELEASE.jar
 create mode 100644 digital-education-system-parent/digital-education-system-ui/target/digital-education-system-ui/WEB-INF/lib/spring-web-4.0.0.RELEASE.jar
 create mode 100644 digital-education-system-parent/digital-education-system-ui/target/digital-education-system-ui/WEB-INF/lib/testng-6.8.7.jar
 create mode 100644 digital-education-system-parent/digital-education-system-ui/target/digital-education-system-ui/WEB-INF/lib/xml-apis-1.0.b2.jar
 create mode 100644 digital-education-system-parent/digital-education-system-ui/target/digital-education-system-ui/WEB-INF/web.xml
 create mode 100644 digital-education-system-parent/digital-education-system-ui/target/digital-education-system-ui/pages/aboutUs.xhtml
 create mode 100644 digital-education-system-parent/digital-education-system-ui/target/digital-education-system-ui/pages/coffie.xhtml
 create mode 100644 digital-education-system-parent/digital-education-system-ui/target/digital-education-system-ui/pages/commonContent.xhtml
 create mode 100644 digital-education-system-parent/digital-education-system-ui/target/digital-education-system-ui/pages/commonFooter.xhtml
 create mode 100644 digital-education-system-parent/digital-education-system-ui/target/digital-education-system-ui/pages/commonHeader.xhtml
 create mode 100644 digital-education-system-parent/digital-education-system-ui/target/digital-education-system-ui/pages/commonLayout.xhtml
 create mode 100644 digital-education-system-parent/digital-education-system-ui/target/digital-education-system-ui/pages/commonMenu.xhtml
 create mode 100644 digital-education-system-parent/digital-education-system-ui/target/digital-education-system-ui/pages/commonMenu2.xhtml
 create mode 100644 digital-education-system-parent/digital-education-system-ui/target/digital-education-system-ui/pages/commonRightBar.xhtml
 create mode 100644 digital-education-system-parent/digital-education-system-ui/target/digital-education-system-ui/pages/contactUs.xhtml
 create mode 100644 digital-education-system-parent/digital-education-system-ui/target/digital-education-system-ui/pages/emailSuccess.xhtml
 create mode 100644 digital-education-system-parent/digital-education-system-ui/target/digital-education-system-ui/pages/googlec91fafba41f59522.html
 create mode 100644 digital-education-system-parent/digital-education-system-ui/target/digital-education-system-ui/pages/homeDelivery.xhtml
 create mode 100644 digital-education-system-parent/digital-education-system-ui/target/digital-education-system-ui/pages/imageView.xhtml
 create mode 100644 digital-education-system-parent/digital-education-system-ui/target/digital-education-system-ui/pages/index.xhtml
 create mode 100644 digital-education-system-parent/digital-education-system-ui/target/digital-education-system-ui/pages/index2.xhtml
 create mode 100644 digital-education-system-parent/digital-education-system-ui/target/digital-education-system-ui/pages/login.xhtml
 create mode 100644 digital-education-system-parent/digital-education-system-ui/target/digital-education-system-ui/pages/modeOfPayment.xhtml
 create mode 100644 digital-education-system-parent/digital-education-system-ui/target/digital-education-system-ui/pages/officeDelivery.xhtml
 create mode 100644 digital-education-system-parent/digital-education-system-ui/target/digital-education-system-ui/pages/otherChannels.xhtml
 create mode 100644 digital-education-system-parent/digital-education-system-ui/target/digital-education-system-ui/pages/ourClients.xhtml
 create mode 100644 digital-education-system-parent/digital-education-system-ui/target/digital-education-system-ui/pages/ourTeam.xhtml
 create mode 100644 digital-education-system-parent/digital-education-system-ui/target/digital-education-system-ui/pages/register.xhtml
 create mode 100644 digital-education-system-parent/digital-education-system-ui/target/digital-education-system-ui/pages/water.xhtml
 create mode 100644 digital-education-system-parent/digital-education-system-ui/target/digital-education-system-ui/pages/waterDelivery.xhtml
 create mode 100644 digital-education-system-parent/digital-education-system-ui/target/digital-education-system-ui/resources/css/deepMarine.skin.properties
 create mode 100644 digital-education-system-parent/digital-education-system-ui/target/digital-education-system-ui/resources/css/page.css
 create mode 100644 digital-education-system-parent/digital-education-system-ui/target/digital-education-system-ui/resources/css/slidfast.css
 create mode 100644 digital-education-system-parent/digital-education-system-ui/target/digital-education-system-ui/resources/css/slidfast.js
 create mode 100644 digital-education-system-parent/digital-education-system-ui/target/digital-education-system-ui/resources/images/Header12.jpg
 create mode 100644 digital-education-system-parent/digital-education-system-ui/target/digital-education-system-ui/resources/images/VarshaEnterprisesHeader1.jpg
 create mode 100644 digital-education-system-parent/digital-education-system-ui/target/digital-education-system-ui/resources/images/bse.jpg
 create mode 100644 digital-education-system-parent/digital-education-system-ui/target/digital-education-system-ui/resources/images/kedar1.jpg
 create mode 100644 digital-education-system-parent/digital-education-system-ui/target/digital-education-system-ui/resources/images/kedar10.jpg
 create mode 100644 digital-education-system-parent/digital-education-system-ui/target/digital-education-system-ui/resources/images/kedar11.jpg
 create mode 100644 digital-education-system-parent/digital-education-system-ui/target/digital-education-system-ui/resources/images/kedar12.jpg
 create mode 100644 digital-education-system-parent/digital-education-system-ui/target/digital-education-system-ui/resources/images/kedar2.jpg
 create mode 100644 digital-education-system-parent/digital-education-system-ui/target/digital-education-system-ui/resources/images/kedar3.jpg
 create mode 100644 digital-education-system-parent/digital-education-system-ui/target/digital-education-system-ui/resources/images/kedar4.jpg
 create mode 100644 digital-education-system-parent/digital-education-system-ui/target/digital-education-system-ui/resources/images/kedar5.jpg
 create mode 100644 digital-education-system-parent/digital-education-system-ui/target/digital-education-system-ui/resources/images/kedar6.jpg
 create mode 100644 digital-education-system-parent/digital-education-system-ui/target/digital-education-system-ui/resources/images/kedar7.jpg
 create mode 100644 digital-education-system-parent/digital-education-system-ui/target/digital-education-system-ui/resources/images/kedar8.jpg
 create mode 100644 digital-education-system-parent/digital-education-system-ui/target/digital-education-system-ui/resources/images/kedar9.jpg
 create mode 100644 digital-education-system-parent/digital-education-system-ui/target/digital-education-system-ui/resources/images/logo123.jpg
 create mode 100644 digital-education-system-parent/digital-education-system-ui/target/digital-education-system-ui/resources/images/logo1234.jpg
 create mode 100644 digital-education-system-parent/digital-education-system-ui/target/digital-education-system-ui/resources/images/tooplate_footer.png
 create mode 100644 digital-education-system-parent/digital-education-system-ui/target/digital-education-system-ui/resources/images/tooplate_header.jpg
 create mode 100644 digital-education-system-parent/digital-education-system-ui/target/digital-education-system-ui/resources/images/water1.jpg
 create mode 100644 digital-education-system-parent/digital-education-system-ui/target/digital-education-system-ui/resources/images/water2.jpg
 create mode 100644 digital-education-system-parent/digital-education-system-ui/target/digital-education-system-ui/resources/images/water3.jpg
 create mode 100644 digital-education-system-parent/digital-education-system-ui/target/digital-education-system-ui/resources/images/waterHeader.jpg
 create mode 100644 digital-education-system-parent/digital-education-system-ui/target/m2e-wtp/web-resources/META-INF/MANIFEST.MF
 create mode 100644 digital-education-system-parent/digital-education-system-ui/target/m2e-wtp/web-resources/META-INF/maven/com.digital.education.system.ui/digital-education-system-ui/pom.properties
 create mode 100644 digital-education-system-parent/digital-education-system-ui/target/m2e-wtp/web-resources/META-INF/maven/com.digital.education.system.ui/digital-education-system-ui/pom.xml
 create mode 100644 digital-education-system-parent/digital-education-system-ui/target/maven-archiver/pom.properties
 create mode 100644 digital-education-system-parent/digital-education-system-ui/target/maven-status/maven-compiler-plugin/compile/default-compile/createdFiles.lst
 create mode 100644 digital-education-system-parent/digital-education-system-ui/target/maven-status/maven-compiler-plugin/compile/default-compile/inputFiles.lst
 create mode 100644 digital-education-system-parent/digital-education-system-ui/target/maven-status/maven-compiler-plugin/testCompile/default-testCompile/inputFiles.lst
 create mode 100644 digital-education-system-parent/pom.xml
 create mode 100644 digital-education-system-parent/src/main/java/com/digital/education/system/App.java
 create mode 100644 digital-education-system-parent/src/test/java/com/digital/education/system/AppTest.java

sai@sai-PC MINGW32 /f/MultiModuleProject (master)
$ git push -u origin --all
Username for 'https://github.com': dheeraj2mishra
Enumerating objects: 583, done.
Counting objects: 100% (583/583), done.
Delta compression using up to 4 threads
Compressing objects: 100% (417/417), done.
Writing objects: 100% (583/583), 63.00 MiB | 169.00 KiB/s, done.
Total 583 (delta 147), reused 0 (delta 0)
remote: Resolving deltas: 100% (147/147), done.
To https://github.com/dheeraj2mishra/VarshaEnterPrises.git
 * [new branch]      master -> master
Branch 'master' set up to track remote branch 'master' from 'origin'.

sai@sai-PC MINGW32 /f/MultiModuleProject (master)
$ git status
On branch master
Your branch is up to date with 'origin/master'.

Untracked files:
  (use "git add <file>..." to include in what will be committed)

        githubStep.txt

nothing added to commit but untracked files present (use "git add" to track)

sai@sai-PC MINGW32 /f/MultiModuleProject (master)
$ git add
Nothing specified, nothing added.
Maybe you wanted to say 'git add .'?

sai@sai-PC MINGW32 /f/MultiModuleProject (master)
$ git add
Nothing specified, nothing added.
Maybe you wanted to say 'git add .'?

sai@sai-PC MINGW32 /f/MultiModuleProject (master)
$ git add
Nothing specified, nothing added.
Maybe you wanted to say 'git add .'?

sai@sai-PC MINGW32 /f/MultiModuleProject (master)
$ git add githubStep.txt

sai@sai-PC MINGW32 /f/MultiModuleProject (master)
$ git commit
Aborting commit due to empty commit message.

sai@sai-PC MINGW32 /f/MultiModuleProject (master)
$ git commit -m "step"
[master 958143d] step
 1 file changed, 26 insertions(+)
 create mode 100644 githubStep.txt

sai@sai-PC MINGW32 /f/MultiModuleProject (master)
$ git push
Username for 'https://github.com': dheeraj2mishra
Enumerating objects: 4, done.
Counting objects: 100% (4/4), done.
Delta compression using up to 4 threads
Compressing objects: 100% (3/3), done.
Writing objects: 100% (3/3), 993 bytes | 496.00 KiB/s, done.
Total 3 (delta 1), reused 0 (delta 0)
remote: Resolving deltas: 100% (1/1), completed with 1 local object.
To https://github.com/dheeraj2mishra/VarshaEnterPrises.git
   0bf0bca..958143d  master -> master

sai@sai-PC MINGW32 /f/MultiModuleProject (master)
$

sai@sai-PC MINGW32 /f/MultiModuleProject (master)
$
